Goodbye!
== HEADING ==

This is some sample text. It is in a longer paragraph so that there are multiple
lines of output. After this paragraph, there is single blank line before the
second (and final) paragraph.

This is the final paragraph. There is also a blank line after this sentence.

odd
2
triodd
4
odd
tri
odd
8
triodd
10
odd
tri
odd
14
triodd
16
odd
tri
odd
20
aaa
bbb
ccc
