odd
2
triodd
4
odd
tri
odd
8
triodd
10
odd
tri
odd
14
triodd
16
odd
tri
odd
20
triodd
22
odd
tri
odd
26
triodd
28
odd
tri
odd
32
triodd
34
odd
tri
odd
38
triodd
40
odd
tri
odd
44
triodd
46
odd
tri
odd
50
triodd
52
odd
tri
odd
56
triodd
58
odd
tri
odd
62
triodd
64
odd
tri
odd
68
triodd
70
odd
tri
odd
74
triodd
76
odd
tri
odd
80
triodd
82
odd
tri
odd
86
triodd
88
odd
tri
odd
92
triodd
94
odd
tri
odd
98
triodd
100
