turtle
llama
cheetah
llama
cheetah
african swallow
